Command line invocation:
    /Applications/Xcode.app/Contents/Developer/usr/bin/xcodebuild -scheme MacClean -destination platform=macOS build

2025-11-22 11:50:55.129 xcodebuild[13003:319617] [MT] IDERunDestination: Supported platforms for the buildables in the current scheme is empty.
--- xcodebuild: WARNING: Using the first of multiple matching destinations:
{ platform:macOS, arch:arm64, id:00006041-000C31240EE2801C, name:My Mac }
{ platform:macOS, arch:x86_64, id:00006041-000C31240EE2801C, name:My Mac }
ComputePackagePrebuildTargetDependencyGraph

Prepare packages

CreateBuildRequest

SendProjectDescription

CreateBuildOperation

ComputeTargetDependencyGraph
note: Building targets in dependency order
note: Target dependency graph (1 target)
    Target 'MacClean' in project 'MacClean' (no dependencies)

GatherProvisioningInputs

CreateBuildDescription

ExecuteExternalTool /Applications/Xcode.app/Contents/Developer/Toolchains/XcodeDefault.xctoolchain/usr/bin/clang -v -E -dM -isysroot /Applications/Xcode.app/Contents/Developer/Platforms/MacOSX.platform/Developer/SDKs/MacOSX26.1.sdk -x c -c /dev/null

ExecuteExternalTool /Applications/Xcode.app/Contents/Developer/Toolchains/XcodeDefault.xctoolchain/usr/bin/swiftc --version

ExecuteExternalTool /Applications/Xcode.app/Contents/Developer/Toolchains/XcodeDefault.xctoolchain/usr/bin/ld -version_details

Build description signature: 39012fb2026eff93edd00aee79838c64
Build description path: /Users/ewg/Library/Developer/Xcode/DerivedData/MacClean-eoidsqudxcuoqtezikmlgbuqhrqq/Build/Intermediates.noindex/XCBuildData/39012fb2026eff93edd00aee79838c64.xcbuilddata
ClangStatCache /Applications/Xcode.app/Contents/Developer/Toolchains/XcodeDefault.xctoolchain/usr/bin/clang-stat-cache /Applications/Xcode.app/Contents/Developer/Platforms/MacOSX.platform/Developer/SDKs/MacOSX26.1.sdk /Users/ewg/Library/Developer/Xcode/DerivedData/SDKStatCaches.noindex/macosx26.1-25B74-3ae1261907bdadc328169391a47051a6.sdkstatcache
    cd /Users/ewg/Desktop/MacClean/MacClean.xcodeproj
    /Applications/Xcode.app/Contents/Developer/Toolchains/XcodeDefault.xctoolchain/usr/bin/clang-stat-cache /Applications/Xcode.app/Contents/Developer/Platforms/MacOSX.platform/Developer/SDKs/MacOSX26.1.sdk -o /Users/ewg/Library/Developer/Xcode/DerivedData/SDKStatCaches.noindex/macosx26.1-25B74-3ae1261907bdadc328169391a47051a6.sdkstatcache

ProcessInfoPlistFile /Users/ewg/Library/Developer/Xcode/DerivedData/MacClean-eoidsqudxcuoqtezikmlgbuqhrqq/Build/Products/Debug/MacClean.app/Contents/Info.plist /Users/ewg/Library/Developer/Xcode/DerivedData/MacClean-eoidsqudxcuoqtezikmlgbuqhrqq/Build/Intermediates.noindex/MacClean.build/Debug/MacClean.build/empty-MacClean.plist (in target 'MacClean' from project 'MacClean')
    cd /Users/ewg/Desktop/MacClean
    builtin-infoPlistUtility /Users/ewg/Library/Developer/Xcode/DerivedData/MacClean-eoidsqudxcuoqtezikmlgbuqhrqq/Build/Intermediates.noindex/MacClean.build/Debug/MacClean.build/empty-MacClean.plist -producttype com.apple.product-type.application -genpkginfo /Users/ewg/Library/Developer/Xcode/DerivedData/MacClean-eoidsqudxcuoqtezikmlgbuqhrqq/Build/Products/Debug/MacClean.app/Contents/PkgInfo -expandbuildsettings -platform macosx -o /Users/ewg/Library/Developer/Xcode/DerivedData/MacClean-eoidsqudxcuoqtezikmlgbuqhrqq/Build/Products/Debug/MacClean.app/Contents/Info.plist

SwiftDriver MacClean normal arm64 com.apple.xcode.tools.swift.compiler (in target 'MacClean' from project 'MacClean')
    cd /Users/ewg/Desktop/MacClean
    builtin-SwiftDriver -- /Applications/Xcode.app/Contents/Developer/Toolchains/XcodeDefault.xctoolchain/usr/bin/swiftc -module-name MacClean -Onone -enforce-exclusivity\=checked @/Users/ewg/Library/Developer/Xcode/DerivedData/MacClean-eoidsqudxcuoqtezikmlgbuqhrqq/Build/Intermediates.noindex/MacClean.build/Debug/MacClean.build/Objects-normal/arm64/MacClean.SwiftFileList -DDEBUG -default-isolation\=MainActor -enable-upcoming-feature MemberImportVisibility -enable-upcoming-feature InferIsolatedConformances -enable-upcoming-feature NonisolatedNonsendingByDefault -enable-experimental-feature DebugDescriptionMacro -sdk /Applications/Xcode.app/Contents/Developer/Platforms/MacOSX.platform/Developer/SDKs/MacOSX26.1.sdk -target arm64-apple-macos26.0 -g -module-cache-path /Users/ewg/Library/Developer/Xcode/DerivedData/ModuleCache.noindex -Xfrontend -serialize-debugging-options -enable-testing -index-store-path /Users/ewg/Library/Developer/Xcode/DerivedData/MacClean-eoidsqudxcuoqtezikmlgbuqhrqq/Index.noindex/DataStore -Xcc -D_LIBCPP_HARDENING_MODE\=_LIBCPP_HARDENING_MODE_DEBUG -swift-version 6 -I /Users/ewg/Library/Developer/Xcode/DerivedData/MacClean-eoidsqudxcuoqtezikmlgbuqhrqq/Build/Products/Debug -F /Users/ewg/Library/Developer/Xcode/DerivedData/MacClean-eoidsqudxcuoqtezikmlgbuqhrqq/Build/Products/Debug -emit-localized-strings -emit-localized-strings-path /Users/ewg/Library/Developer/Xcode/DerivedData/MacClean-eoidsqudxcuoqtezikmlgbuqhrqq/Build/Intermediates.noindex/MacClean.build/Debug/MacClean.build/Objects-normal/arm64 -c -j14 -enable-batch-mode -incremental -Xcc -ivfsstatcache -Xcc /Users/ewg/Library/Developer/Xcode/DerivedData/SDKStatCaches.noindex/macosx26.1-25B74-3ae1261907bdadc328169391a47051a6.sdkstatcache -output-file-map /Users/ewg/Library/Developer/Xcode/DerivedData/MacClean-eoidsqudxcuoqtezikmlgbuqhrqq/Build/Intermediates.noindex/MacClean.build/Debug/MacClean.build/Objects-normal/arm64/MacClean-OutputFileMap.json -use-frontend-parseable-output -save-temps -no-color-diagnostics -explicit-module-build -module-cache-path /Users/ewg/Library/Developer/Xcode/DerivedData/MacClean-eoidsqudxcuoqtezikmlgbuqhrqq/Build/Intermediates.noindex/SwiftExplicitPrecompiledModules -clang-scanner-module-cache-path /Users/ewg/Library/Developer/Xcode/DerivedData/ModuleCache.noindex -sdk-module-cache-path /Users/ewg/Library/Developer/Xcode/DerivedData/ModuleCache.noindex -serialize-diagnostics -emit-dependencies -emit-module -emit-module-path /Users/ewg/Library/Developer/Xcode/DerivedData/MacClean-eoidsqudxcuoqtezikmlgbuqhrqq/Build/Intermediates.noindex/MacClean.build/Debug/MacClean.build/Objects-normal/arm64/MacClean.swiftmodule -validate-clang-modules-once -clang-build-session-file /Users/ewg/Library/Developer/Xcode/DerivedData/ModuleCache.noindex/Session.modulevalidation -Xcc -I/Users/ewg/Library/Developer/Xcode/DerivedData/MacClean-eoidsqudxcuoqtezikmlgbuqhrqq/Build/Intermediates.noindex/MacClean.build/Debug/MacClean.build/swift-overrides.hmap -emit-const-values -Xfrontend -const-gather-protocols-file -Xfrontend /Users/ewg/Library/Developer/Xcode/DerivedData/MacClean-eoidsqudxcuoqtezikmlgbuqhrqq/Build/Intermediates.noindex/MacClean.build/Debug/MacClean.build/Objects-normal/arm64/MacClean_const_extract_protocols.json -Xcc -iquote -Xcc /Users/ewg/Library/Developer/Xcode/DerivedData/MacClean-eoidsqudxcuoqtezikmlgbuqhrqq/Build/Intermediates.noindex/MacClean.build/Debug/MacClean.build/MacClean-generated-files.hmap -Xcc -I/Users/ewg/Library/Developer/Xcode/DerivedData/MacClean-eoidsqudxcuoqtezikmlgbuqhrqq/Build/Intermediates.noindex/MacClean.build/Debug/MacClean.build/MacClean-own-target-headers.hmap -Xcc -I/Users/ewg/Library/Developer/Xcode/DerivedData/MacClean-eoidsqudxcuoqtezikmlgbuqhrqq/Build/Intermediates.noindex/MacClean.build/Debug/MacClean.build/MacClean-all-target-headers.hmap -Xcc -iquote -Xcc /Users/ewg/Library/Developer/Xcode/DerivedData/MacClean-eoidsqudxcuoqtezikmlgbuqhrqq/Build/Intermediates.noindex/MacClean.build/Debug/MacClean.build/MacClean-project-headers.hmap -Xcc -I/Users/ewg/Library/Developer/Xcode/DerivedData/MacClean-eoidsqudxcuoqtezikmlgbuqhrqq/Build/Products/Debug/include -Xcc -I/Users/ewg/Library/Developer/Xcode/DerivedData/MacClean-eoidsqudxcuoqtezikmlgbuqhrqq/Build/Intermediates.noindex/MacClean.build/Debug/MacClean.build/DerivedSources-normal/arm64 -Xcc -I/Users/ewg/Library/Developer/Xcode/DerivedData/MacClean-eoidsqudxcuoqtezikmlgbuqhrqq/Build/Intermediates.noindex/MacClean.build/Debug/MacClean.build/DerivedSources/arm64 -Xcc -I/Users/ewg/Library/Developer/Xcode/DerivedData/MacClean-eoidsqudxcuoqtezikmlgbuqhrqq/Build/Intermediates.noindex/MacClean.build/Debug/MacClean.build/DerivedSources -Xcc -DDEBUG\=1 -emit-objc-header -emit-objc-header-path /Users/ewg/Library/Developer/Xcode/DerivedData/MacClean-eoidsqudxcuoqtezikmlgbuqhrqq/Build/Intermediates.noindex/MacClean.build/Debug/MacClean.build/Objects-normal/arm64/MacClean-Swift.h -working-directory /Users/ewg/Desktop/MacClean -experimental-emit-module-separately -disable-cmo

SwiftCompile normal arm64 Compiling\ DeletionLogView.swift /Users/ewg/Desktop/MacClean/MacClean/Views/DeletionLogView.swift (in target 'MacClean' from project 'MacClean')

SwiftCompile normal arm64 /Users/ewg/Desktop/MacClean/MacClean/Views/DeletionLogView.swift (in target 'MacClean' from project 'MacClean')
    cd /Users/ewg/Desktop/MacClean
    

SwiftCompile normal arm64 Compiling\ CleanupHistoryView.swift /Users/ewg/Desktop/MacClean/MacClean/Views/CleanupHistoryView.swift (in target 'MacClean' from project 'MacClean')
SwiftCompile normal arm64 /Users/ewg/Desktop/MacClean/MacClean/Views/CleanupHistoryView.swift (in target 'MacClean' from project 'MacClean')
    cd /Users/ewg/Desktop/MacClean
    

SwiftCompile normal arm64 Compiling\ CleanupEngine.swift /Users/ewg/Desktop/MacClean/MacClean/Services/CleanupEngine.swift (in target 'MacClean' from project 'MacClean')

SwiftCompile normal arm64 /Users/ewg/Desktop/MacClean/MacClean/Services/CleanupEngine.swift (in target 'MacClean' from project 'MacClean')
    cd /Users/ewg/Desktop/MacClean
    

SwiftCompile normal arm64 Compiling\ ContentView.swift /Users/ewg/Desktop/MacClean/MacClean/Views/ContentView.swift (in target 'MacClean' from project 'MacClean')

SwiftCompile normal arm64 /Users/ewg/Desktop/MacClean/MacClean/Views/ContentView.swift (in target 'MacClean' from project 'MacClean')
    cd /Users/ewg/Desktop/MacClean
    

SwiftCompile normal arm64 Compiling\ ChatbotView.swift /Users/ewg/Desktop/MacClean/MacClean/Views/ChatbotView.swift (in target 'MacClean' from project 'MacClean')

SwiftCompile normal arm64 /Users/ewg/Desktop/MacClean/MacClean/Views/ChatbotView.swift (in target 'MacClean' from project 'MacClean')
    cd /Users/ewg/Desktop/MacClean
    

SwiftCompile normal arm64 Compiling\ DiskUsageView.swift /Users/ewg/Desktop/MacClean/MacClean/Views/DiskUsageView.swift (in target 'MacClean' from project 'MacClean')
Failed frontend command:
/Applications/Xcode.app/Contents/Developer/Toolchains/XcodeDefault.xctoolchain/usr/bin/swift-frontend -frontend -c /Users/ewg/Desktop/MacClean/MacClean/Models/AISuggestion.swift /Users/ewg/Desktop/MacClean/MacClean/Models/AppPreferences.swift /Users/ewg/Desktop/MacClean/MacClean/Models/CleanupFile.swift /Users/ewg/Desktop/MacClean/MacClean/Models/CleanupHistory.swift /Users/ewg/Desktop/MacClean/MacClean/Models/CleanupItem.swift /Users/ewg/Desktop/MacClean/MacClean/Models/CleanupResult.swift /Users/ewg/Desktop/MacClean/MacClean/Models/DeletionLog.swift /Users/ewg/Desktop/MacClean/MacClean/Models/UndoManager.swift /Users/ewg/Desktop/MacClean/MacClean/Services/AIServiceProtocol.swift /Users/ewg/Desktop/MacClean/MacClean/Services/CleanupCategory.swift /Users/ewg/Desktop/MacClean/MacClean/Services/CleanupEngine.swift /Users/ewg/Desktop/MacClean/MacClean/Services/FileScanner.swift /Users/ewg/Desktop/MacClean/MacClean/Services/LMStudioService.swift /Users/ewg/Desktop/MacClean/MacClean/Services/SiriAIService.swift /Users/ewg/Desktop/MacClean/MacClean/Tests/MacCleanTests/CleanupEngineTests.swift /Users/ewg/Desktop/MacClean/MacClean/Tests/MacCleanTests/LMStudioServiceTests.swift /Users/ewg/Desktop/MacClean/MacClean/Tests/MacCleanTests/SiriAIServiceTests.swift /Users/ewg/Desktop/MacClean/MacClean/Tests/MacCleanUITests/MacCleanUITests.swift /Users/ewg/Desktop/MacClean/MacClean/Utilities/AuthorizationHelper.swift /Users/ewg/Desktop/MacClean/MacClean/Utilities/DuplicateFileFinder.swift /Users/ewg/Desktop/MacClean/MacClean/Utilities/FileManager+Extensions.swift /Users/ewg/Desktop/MacClean/MacClean/Utilities/FileSystemInfoHelper.swift /Users/ewg/Desktop/MacClean/MacClean/Utilities/LargeFileFinder.swift /Users/ewg/Desktop/MacClean/MacClean/Utilities/MenuBarManager.swift /Users/ewg/Desktop/MacClean/MacClean/Utilities/NotificationService.swift /Users/ewg/Desktop/MacClean/MacClean/Utilities/PreferencesManager.swift /Users/ewg/Desktop/MacClean/MacClean/Utilities/ScheduledCleanupManager.swift /Users/ewg/Desktop/MacClean/MacClean/Views/ChatbotView.swift /Users/ewg/Desktop/MacClean/MacClean/Views/CleanupHistoryView.swift /Users/ewg/Desktop/MacClean/MacClean/Views/ConfirmationDialog.swift /Users/ewg/Desktop/MacClean/MacClean/Views/ContentView.swift /Users/ewg/Desktop/MacClean/MacClean/Views/DeletionLogView.swift -primary-file /Users/ewg/Desktop/MacClean/MacClean/Views/DiskUsageView.swift /Users/ewg/Desktop/MacClean/MacClean/Views/FilePreviewView.swift /Users/ewg/Desktop/MacClean/MacClean/Views/MenuBarView.swift /Users/ewg/Desktop/MacClean/MacClean/Views/PreferencesView.swift /Users/ewg/Desktop/MacClean/MacClean/Views/ProgressView.swift /Users/ewg/Desktop/MacClean/MacClean/MacCleanApp.swift -emit-dependencies-path /Users/ewg/Library/Developer/Xcode/DerivedData/MacClean-eoidsqudxcuoqtezikmlgbuqhrqq/Build/Intermediates.noindex/MacClean.build/Debug/MacClean.build/Objects-normal/arm64/DiskUsageView.d -emit-const-values-path /Users/ewg/Library/Developer/Xcode/DerivedData/MacClean-eoidsqudxcuoqtezikmlgbuqhrqq/Build/Intermediates.noindex/MacClean.build/Debug/MacClean.build/Objects-normal/arm64/DiskUsageView.swiftconstvalues -emit-reference-dependencies-path /Users/ewg/Library/Developer/Xcode/DerivedData/MacClean-eoidsqudxcuoqtezikmlgbuqhrqq/Build/Intermediates.noindex/MacClean.build/Debug/MacClean.build/Objects-normal/arm64/DiskUsageView.swiftdeps -serialize-diagnostics-path /Users/ewg/Library/Developer/Xcode/DerivedData/MacClean-eoidsqudxcuoqtezikmlgbuqhrqq/Build/Intermediates.noindex/MacClean.build/Debug/MacClean.build/Objects-normal/arm64/DiskUsageView.dia -emit-localized-strings -emit-localized-strings-path /Users/ewg/Library/Developer/Xcode/DerivedData/MacClean-eoidsqudxcuoqtezikmlgbuqhrqq/Build/Intermediates.noindex/MacClean.build/Debug/MacClean.build/Objects-normal/arm64 -target arm64-apple-macos26.0 -load-resolved-plugin /Applications/Xcode.app/Contents/Developer/Platforms/MacOSX.platform/Developer/usr/lib/swift/host/plugins/libFoundationMacros.dylib\#/Applications/Xcode.app/Contents/Developer/Platforms/MacOSX.platform/Developer/usr/bin/swift-plugin-server\#FoundationMacros -load-resolved-plugin /Applications/Xcode.app/Contents/Developer/Platforms/MacOSX.platform/Developer/usr/lib/swift/host/plugins/libObservationMacros.dylib\#/Applications/Xcode.app/Contents/Developer/Platforms/MacOSX.platform/Developer/usr/bin/swift-plugin-server\#ObservationMacros -load-resolved-plugin /Applications/Xcode.app/Contents/Developer/Platforms/MacOSX.platform/Developer/usr/lib/swift/host/plugins/libPreviewsMacros.dylib\#/Applications/Xcode.app/Contents/Developer/Platforms/MacOSX.platform/Developer/usr/bin/swift-plugin-server\#PreviewsMacros -load-resolved-plugin /Applications/Xcode.app/Contents/Developer/Platforms/MacOSX.platform/Developer/usr/lib/swift/host/plugins/libSwiftMacros.dylib\#/Applications/Xcode.app/Contents/Developer/Platforms/MacOSX.platform/Developer/usr/bin/swift-plugin-server\#SwiftMacros -load-resolved-plugin /Applications/Xcode.app/Contents/Developer/Platforms/MacOSX.platform/Developer/usr/lib/swift/host/plugins/libSwiftUIMacros.dylib\#/Applications/Xcode.app/Contents/Developer/Platforms/MacOSX.platform/Developer/usr/bin/swift-plugin-server\#SwiftUIMacros -disable-implicit-swift-modules -Xcc -fno-implicit-modules -Xcc -fno-implicit-module-maps -explicit-swift-module-map-file /Users/ewg/Library/Developer/Xcode/DerivedData/MacClean-eoidsqudxcuoqtezikmlgbuqhrqq/Build/Intermediates.noindex/MacClean.build/Debug/MacClean.build/Objects-normal/arm64/MacClean-dependencies-1.json -Xllvm -aarch64-use-tbi -enable-objc-interop -stack-check -sdk /Applications/Xcode.app/Contents/Developer/Platforms/MacOSX.platform/Developer/SDKs/MacOSX26.1.sdk -I /Users/ewg/Library/Developer/Xcode/DerivedData/MacClean-eoidsqudxcuoqtezikmlgbuqhrqq/Build/Products/Debug -F /Users/ewg/Library/Developer/Xcode/DerivedData/MacClean-eoidsqudxcuoqtezikmlgbuqhrqq/Build/Products/Debug -no-color-diagnostics -Xcc -fno-color-diagnostics -enable-testing -g -debug-info-format\=dwarf -dwarf-version\=5 -module-cache-path /Users/ewg/Library/Developer/Xcode/DerivedData/MacClean-eoidsqudxcuoqtezikmlgbuqhrqq/Build/Intermediates.noindex/SwiftExplicitPrecompiledModules -swift-version 6 -enforce-exclusivity\=checked -Onone -D DEBUG -serialize-debugging-options -const-gather-protocols-file /Users/ewg/Library/Developer/Xcode/DerivedData/MacClean-eoidsqudxcuoqtezikmlgbuqhrqq/Build/Intermediates.noindex/MacClean.build/Debug/MacClean.build/Objects-normal/arm64/MacClean_const_extract_protocols.json -enable-upcoming-feature MemberImportVisibility -enable-upcoming-feature InferIsolatedConformances -enable-upcoming-feature NonisolatedNonsendingByDefault -enable-experimental-feature DebugDescriptionMacro -default-isolation\=MainActor -empty-abi-descriptor -validate-clang-modules-once -clang-build-session-file /Users/ewg/Library/Developer/Xcode/DerivedData/ModuleCache.noindex/Session.modulevalidation -Xcc -working-directory -Xcc /Users/ewg/Desktop/MacClean -enable-anonymous-context-mangled-names -file-compilation-dir /Users/ewg/Desktop/MacClean -Xcc -D_LIBCPP_HARDENING_MODE\=_LIBCPP_HARDENING_MODE_DEBUG -Xcc -ivfsstatcache -Xcc /Users/ewg/Library/Developer/Xcode/DerivedData/SDKStatCaches.noindex/macosx26.1-25B74-3ae1261907bdadc328169391a47051a6.sdkstatcache -Xcc -I/Users/ewg/Library/Developer/Xcode/DerivedData/MacClean-eoidsqudxcuoqtezikmlgbuqhrqq/Build/Intermediates.noindex/MacClean.build/Debug/MacClean.build/swift-overrides.hmap -Xcc -iquote -Xcc /Users/ewg/Library/Developer/Xcode/DerivedData/MacClean-eoidsqudxcuoqtezikmlgbuqhrqq/Build/Intermediates.noindex/MacClean.build/Debug/MacClean.build/MacClean-generated-files.hmap -Xcc -I/Users/ewg/Library/Developer/Xcode/DerivedData/MacClean-eoidsqudxcuoqtezikmlgbuqhrqq/Build/Intermediates.noindex/MacClean.build/Debug/MacClean.build/MacClean-own-target-headers.hmap -Xcc -I/Users/ewg/Library/Developer/Xcode/DerivedData/MacClean-eoidsqudxcuoqtezikmlgbuqhrqq/Build/Intermediates.noindex/MacClean.build/Debug/MacClean.build/MacClean-all-target-headers.hmap -Xcc -iquote -Xcc /Users/ewg/Library/Developer/Xcode/DerivedData/MacClean-eoidsqudxcuoqtezikmlgbuqhrqq/Build/Intermediates.noindex/MacClean.build/Debug/MacClean.build/MacClean-project-headers.hmap -Xcc -I/Users/ewg/Library/Developer/Xcode/DerivedData/MacClean-eoidsqudxcuoqtezikmlgbuqhrqq/Build/Products/Debug/include -Xcc -I/Users/ewg/Library/Developer/Xcode/DerivedData/MacClean-eoidsqudxcuoqtezikmlgbuqhrqq/Build/Intermediates.noindex/MacClean.build/Debug/MacClean.build/DerivedSources-normal/arm64 -Xcc -I/Users/ewg/Library/Developer/Xcode/DerivedData/MacClean-eoidsqudxcuoqtezikmlgbuqhrqq/Build/Intermediates.noindex/MacClean.build/Debug/MacClean.build/DerivedSources/arm64 -Xcc -I/Users/ewg/Library/Developer/Xcode/DerivedData/MacClean-eoidsqudxcuoqtezikmlgbuqhrqq/Build/Intermediates.noindex/MacClean.build/Debug/MacClean.build/DerivedSources -Xcc -DDEBUG\=1 -no-auto-bridging-header-chaining -module-name MacClean -frontend-parseable-output -disable-clang-spi -target-sdk-version 26.1 -target-sdk-name macosx26.1 -clang-target arm64-apple-macos26.1 -in-process-plugin-server-path /Applications/Xcode.app/Contents/Developer/Toolchains/XcodeDefault.xctoolchain/usr/lib/swift/host/libSwiftInProcPluginServer.dylib -o /Users/ewg/Library/Developer/Xcode/DerivedData/MacClean-eoidsqudxcuoqtezikmlgbuqhrqq/Build/Intermediates.noindex/MacClean.build/Debug/MacClean.build/Objects-normal/arm64/DiskUsageView.o -index-unit-output-path /MacClean.build/Debug/MacClean.build/Objects-normal/arm64/DiskUsageView.o -index-store-path /Users/ewg/Library/Developer/Xcode/DerivedData/MacClean-eoidsqudxcuoqtezikmlgbuqhrqq/Index.noindex/DataStore -index-system-modules

SwiftCompile normal arm64 /Users/ewg/Desktop/MacClean/MacClean/Views/DiskUsageView.swift (in target 'MacClean' from project 'MacClean')
    cd /Users/ewg/Desktop/MacClean
    
/Users/ewg/Desktop/MacClean/MacClean/Views/DiskUsageView.swift:132:41: error: 'navigationBarTrailing' is unavailable in macOS
                ToolbarItem(placement: .navigationBarTrailing) {
                                        ^~~~~~~~~~~~~~~~~~~~~
SwiftUI.ToolbarItemPlacement.navigationBarTrailing:7:21: note: 'navigationBarTrailing' has been explicitly marked unavailable here
  public static let navigationBarTrailing: ToolbarItemPlacement}
                    ^

SwiftEmitModule normal arm64 Emitting\ module\ for\ MacClean (in target 'MacClean' from project 'MacClean')

EmitSwiftModule normal arm64 (in target 'MacClean' from project 'MacClean')
    cd /Users/ewg/Desktop/MacClean
    

SwiftCompile normal arm64 Compiling\ FilePreviewView.swift /Users/ewg/Desktop/MacClean/MacClean/Views/FilePreviewView.swift (in target 'MacClean' from project 'MacClean')

SwiftCompile normal arm64 /Users/ewg/Desktop/MacClean/MacClean/Views/FilePreviewView.swift (in target 'MacClean' from project 'MacClean')
    cd /Users/ewg/Desktop/MacClean
    

SwiftCompile normal arm64 Compiling\ PreferencesView.swift /Users/ewg/Desktop/MacClean/MacClean/Views/PreferencesView.swift (in target 'MacClean' from project 'MacClean')

SwiftCompile normal arm64 /Users/ewg/Desktop/MacClean/MacClean/Views/PreferencesView.swift (in target 'MacClean' from project 'MacClean')
    cd /Users/ewg/Desktop/MacClean
    

SwiftCompile normal arm64 Compiling\ MenuBarView.swift /Users/ewg/Desktop/MacClean/MacClean/Views/MenuBarView.swift (in target 'MacClean' from project 'MacClean')

SwiftCompile normal arm64 /Users/ewg/Desktop/MacClean/MacClean/Views/MenuBarView.swift (in target 'MacClean' from project 'MacClean')
    cd /Users/ewg/Desktop/MacClean
    

note: Disabling hardened runtime with ad-hoc codesigning. (in target 'MacClean' from project 'MacClean')
** BUILD FAILED **


The following build commands failed:
	SwiftCompile normal arm64 Compiling\ DiskUsageView.swift /Users/ewg/Desktop/MacClean/MacClean/Views/DiskUsageView.swift (in target 'MacClean' from project 'MacClean')
	SwiftCompile normal arm64 /Users/ewg/Desktop/MacClean/MacClean/Views/DiskUsageView.swift (in target 'MacClean' from project 'MacClean')
	Building project MacClean with scheme MacClean
(3 failures)
